CREATED
CREATED
CREATED
a
b
REMOVED
a
KEY NOT FOUND
ltest
REMOVED
REMOVED
MALFORMED KEY
CREATED
KEY ALREADY EXISTS
CREATED
NO PARENT
REMOVED
REMOVED
MALFORMED KEY
CREATED
REMOVED
KEY NOT FOUND
KEY NOT FOUND
CREATED
CREATED
HAS CHILDREN
REMOVED
REMOVED
MALFORMED KEY
MALFORMED KEY
CREATED
123
foo
KEY NOT FOUND
KEY NOT FOUND
REMOVED
