MALFORMED KEY
CREATED
KEY ALREADY EXISTS
CREATED
NO PARENT
