MALFORMED KEY
MALFORMED KEY
CREATED
123
foo
KEY NOT FOUND
KEY NOT FOUND
