CREATED
CREATED
CREATED
a
b
REMOVED
a
KEY NOT FOUND
test
