MALFORMED KEY
CREATED
REMOVED
KEY NOT FOUND
KEY NOT FOUND
CREATED
CREATED
HAS CHILDREN
